CMD:
/home/magri/excalibur-tool/.venv/bin/python3 /home/magri/excalibur-tool/_excalibur_runs/excalibur_run_compare_schwarzschild_vs_flrw.py --mass-msun 10000000000000.0 --radius-mpc 1.5 --distance-mpc 300.0 --integrator leapfrog4 --flrw-grid-N 128 --output-dir _data/output --progress-every 0 --record-every 0 --renormalize-every 0 --n-steps 5000 --steps-per-cell 48.0 --flrw-grid-size-mpc 1000.0 --sampling cone --n-photons 50 --cone-angle-deg 10.0 --static --flrw-local-coords

STDOUT:
[runner] Overriding n_steps 5000 -> 3687 to match steps_per_cell=48.0 (cell=2.411e+23 m)
-1.0000000031908904 -8.987551758689883e+16 8.987551816046469e+16
-1.0000000031908904 -8.987551758689883e+16 8.987551816046469e+16
-1.0000000031908904 -8.987551758689883e+16 8.987551816046469e+16
-1.0000000031908904 -8.987551758689883e+16 8.987551816046469e+16
-1.0000000031908904 -8.987551758689883e+16 8.987551816046469e+16
-1.0000000031908904 -8.987551758689883e+16 8.98755181604647e+16
-1.0000000031908904 -8.987551758689883e+16 8.987551816046469e+16
-1.0000000031908904 -8.987551758689883e+16 8.987551816046469e+16
-1.0000000031908904 -8.987551758689883e+16 8.98755181604647e+16
-1.0000000031908904 -8.987551758689883e+16 8.98755181604647e+16
-1.0000000031908904 -8.987551758689883e+16 8.987551816046472e+16
-1.0000000031908904 -8.987551758689883e+16 8.987551816046472e+16
-1.0000000031908904 -8.987551758689883e+16 8.987551816046472e+16
-1.0000000031908904 -8.987551758689883e+16 8.987551816046472e+16
-1.0000000031908904 -8.987551758689883e+16 8.98755181604647e+16
-1.0000000031908904 -8.987551758689883e+16 8.98755181604647e+16
-1.0000000031908904 -8.987551758689883e+16 8.98755181604647e+16
-1.0000000031908904 -8.987551758689883e+16 8.98755181604647e+16
-1.0000000031908904 -8.987551758689883e+16 8.98755181604647e+16
-1.0000000031908904 -8.987551758689883e+16 8.98755181604647e+16
-1.0000000031908904 -8.987551758689883e+16 8.98755181604647e+16
-1.0000000031908904 -8.987551758689883e+16 8.98755181604647e+16
-1.0000000031908904 -8.987551758689883e+16 8.987551816046469e+16
-1.0000000031908904 -8.987551758689883e+16 8.987551816046469e+16
-1.0000000031908904 -8.987551758689883e+16 8.98755181604647e+16
-1.0000000031908904 -8.987551758689883e+16 8.98755181604647e+16
-1.0000000031908904 -8.987551758689883e+16 8.98755181604647e+16
-1.0000000031908904 -8.987551758689883e+16 8.98755181604647e+16
-1.0000000031908904 -8.987551758689883e+16 8.987551816046469e+16
-1.0000000031908904 -8.987551758689883e+16 8.98755181604647e+16
-1.0000000031908904 -8.987551758689883e+16 8.98755181604647e+16
-1.0000000031908904 -8.987551758689883e+16 8.98755181604647e+16
-1.0000000031908904 -8.987551758689883e+16 8.98755181604647e+16
-1.0000000031908904 -8.987551758689883e+16 8.98755181604647e+16
-1.0000000031908904 -8.987551758689883e+16 8.98755181604647e+16
-1.0000000031908904 -8.987551758689883e+16 8.98755181604647e+16
-1.0000000031908904 -8.987551758689883e+16 8.98755181604647e+16
-1.0000000031908904 -8.987551758689883e+16 8.98755181604647e+16
-1.0000000031908904 -8.987551758689883e+16 8.98755181604647e+16
-1.0000000031908904 -8.987551758689883e+16 8.987551816046472e+16
-1.0000000031908904 -8.987551758689883e+16 8.987551816046472e+16
-1.0000000031908904 -8.987551758689883e+16 8.98755181604647e+16
-1.0000000031908904 -8.987551758689883e+16 8.98755181604647e+16
FLRW |u_spatial| mean/min/max = 299792458.0 299792458.0 299792458.00000006
expected ~c = 299792458
dlambda [s] = 16752461757478.639 dx per step [m] mean = 5.022261687825521e+21
=== Outputs ===
Schwarzschild -> _data/output/excalibur_run_schwarzschild_M1.0e13_R1.5_mass500_500_500_obs200_500_500_N50_leapfrog4_S3687_D300_cone10deg_Mpc.h5
FLRW          -> _data/output/excalibur_run_perturbed_flrw_static_M1.0e13_R1.5_mass500_500_500_obs200_500_500_N50_leapfrog4_S3687_static1_D300_cone10deg_local1_Mpc.h5
=== Null-condition rel error (mean / max / std) ===
Schwarzschild init:  9.604e-17 / 3.039e-16 / 7.989e-17
Schwarzschild final: 1.457e-01 / 9.889e-01 / 2.105e-01
FLRW init:           8.510e-17 / 2.114e-16 / 6.356e-17
FLRW final:          1.223e-08 / 3.249e-07 / 4.885e-08


STDERR:

