CMD:
/home/magri/excalibur-tool/.venv/bin/python3 /home/magri/excalibur-tool/_postprocessing/analyze_compare_trajectories.py --schwarzschild _data/output/excalibur_run_schwarzschild_M1.0e13_R1.5_mass500_500_500_obs200_500_500_N50_leapfrog4_S3687_D300_cone10deg_Mpc.h5 --flrw _data/output/excalibur_run_perturbed_flrw_static_M1.0e13_R1.5_mass500_500_500_obs200_500_500_N50_leapfrog4_S3687_static1_D300_cone10deg_local1_Mpc.h5 --csv results/per_run/leapfrog_dt_spc48_job_00000.csv

STDOUT:
=== Files ===
Schwarzschild: _data/output/excalibur_run_schwarzschild_M1.0e13_R1.5_mass500_500_500_obs200_500_500_N50_leapfrog4_S3687_D300_cone10deg_Mpc.h5 (spherical=1)
FLRW:          _data/output/excalibur_run_perturbed_flrw_static_M1.0e13_R1.5_mass500_500_500_obs200_500_500_N50_leapfrog4_S3687_static1_D300_cone10deg_local1_Mpc.h5 (spherical=0)
Lens center (from filename): [500, 500, 500] Mpc

=== Meta (FLRW) ===
  cone_angle_deg: 10.0
  dlambda: 16752461757478.639
  integrator: leapfrog4
  mass_kg: 1.98847e+43
  metric: perturbed_flrw
  mode: sequential
  n_photons: 50
  n_steps: 3687
  obs_to_lens_distance_m: 9.257032743e+24
  radius_m: 4.6285163715e+22
  renormalize_every: 0
  static: True
  trace_norm: False

=== Trajectory stats (per photon distribution) ===

-- Schwarzschild --
n_records         mean=2 std=0 min=2 p50=2 p90=2 max=2
finite_fraction   mean=0.5 std=0 min=0.5 p50=0.5 p90=0.5 max=0.5
path_length [m]   mean=2.461e+25 std=2.35e+25 min=1.727e+25 p50=1.918e+25 p90=2.133e+25 max=1.312e+26
min_r [m]         mean=9.257e+24 std=1.07e+09 min=9.257e+24 p50=9.257e+24 p90=9.257e+24 max=9.257e+24
bend angle [rad]  mean=0.07097 std=0.263 min=0.0002444 p50=0.003121 p90=0.02862 max=1.551

-- FLRW --
n_records         mean=2 std=0 min=2 p50=2 p90=2 max=2
finite_fraction   mean=0.5 std=0 min=0.5 p50=0.5 p90=0.5 max=0.5
path_length [m]   mean=1.852e+25 std=1.06e+16 min=1.852e+25 p50=1.852e+25 p90=1.852e+25 max=1.852e+25
min_r [m]         mean=9.257e+24 std=1.07e+09 min=9.257e+24 p50=9.257e+24 p90=9.257e+24 max=9.257e+24
bend angle [rad]  mean=9.854e-08 std=1.24e-07 min=0 p50=5.771e-08 p90=1.338e-07 max=5.489e-07

=== Direct comparison (FLRW - Schwarzschild) ===
bend angle delta [rad]: mean=-7.097e-02 std=2.629e-01 min=-1.551e+00 max=-2.444e-04
bend angle delta [arcsec]: mean=-1.464e+04 std=5.423e+04

Wrote CSV: results/per_run/leapfrog_dt_spc48_job_00000.csv

=== Theory check: alpha_th = 4GM/(c^2 b), b ≈ min_r ===
Using mass_kg = 1.988470e+43
Schwarzschild (meas - th): n=43 mean=7.097e-02 rad std=2.629e-01 rad min=2.444e-04 rad p50=3.121e-03 rad p90=2.862e-02 rad max=1.551e+00 rad
FLRW         (meas - th): n=43 mean=9.216e-08 rad std=1.242e-07 rad min=-6.381e-09 rad p50=5.133e-08 rad p90=1.274e-07 rad max=5.425e-07 rad
Schwarzschild (meas - th): n=43 mean=1.464e+04 arcsec std=5.423e+04 arcsec min=5.041e+01 arcsec p50=6.437e+02 arcsec p90=5.903e+03 arcsec max=3.200e+05 arcsec
FLRW         (meas - th): n=43 mean=1.901e-02 arcsec std=2.563e-02 arcsec min=-1.316e-03 arcsec p50=1.059e-02 arcsec p90=2.628e-02 arcsec max=1.119e-01 arcsec
Schwarzschild (meas/th - 1): n=43 mean=1.112e+07 std=4.120e+07 min=3.830e+04 p50=4.891e+05 p90=4.485e+06 max=2.431e+08
FLRW         (meas/th - 1): n=43 mean=1.444e+01 std=1.947e+01 min=-1.000e+00 p50=8.045e+00 p90=1.997e+01 max=8.503e+01


STDERR:

