CMD:
/home/magri/excalibur-tool/.venv/bin/python3 /home/magri/excalibur-tool/_excalibur_runs/excalibur_run_compare_schwarzschild_vs_flrw.py --mass-msun 10000000000000.0 --radius-mpc 1.5 --distance-mpc 300.0 --integrator leapfrog4 --flrw-grid-N 128 --output-dir _data/output --progress-every 0 --record-every 0 --renormalize-every 0 --n-steps 5000 --steps-per-cell 3.0 --flrw-grid-size-mpc 1000.0 --sampling cone --n-photons 50 --cone-angle-deg 10.0 --static --flrw-local-coords

STDOUT:
[runner] Overriding n_steps 5000 -> 231 to match steps_per_cell=3.0 (cell=2.411e+23 m)
[Schwarzschild] photon 1/43 skipped: Non-finite (r,theta,phi) in SchwarzschildMetricFast
[Schwarzschild] photon 2/43 skipped: Non-finite (r,theta,phi) in SchwarzschildMetricFast
[Schwarzschild] photon 3/43 skipped: Non-finite (r,theta,phi) in SchwarzschildMetricFast
[Schwarzschild] photon 4/43 skipped: Non-finite (r,theta,phi) in SchwarzschildMetricFast
[Schwarzschild] photon 5/43 skipped: Non-finite (r,theta,phi) in SchwarzschildMetricFast
[Schwarzschild] photon 6/43 skipped: Non-finite (r,theta,phi) in SchwarzschildMetricFast
[Schwarzschild] photon 7/43 skipped: Non-finite (r,theta,phi) in SchwarzschildMetricFast
[Schwarzschild] photon 8/43 skipped: Non-finite (r,theta,phi) in SchwarzschildMetricFast
[Schwarzschild] photon 9/43 skipped: Non-finite (r,theta,phi) in SchwarzschildMetricFast
[Schwarzschild] photon 10/43 skipped: Non-finite (r,theta,phi) in SchwarzschildMetricFast
[Schwarzschild] photon 11/43 skipped: Non-finite (r,theta,phi) in SchwarzschildMetricFast
[Schwarzschild] photon 12/43 skipped: Non-finite (r,theta,phi) in SchwarzschildMetricFast
[Schwarzschild] photon 13/43 skipped: Non-finite (r,theta,phi) in SchwarzschildMetricFast
[Schwarzschild] photon 14/43 skipped: Non-finite (r,theta,phi) in SchwarzschildMetricFast
[Schwarzschild] photon 15/43 skipped: Non-finite (r,theta,phi) in SchwarzschildMetricFast
[Schwarzschild] photon 16/43 skipped: Non-finite (r,theta,phi) in SchwarzschildMetricFast
[Schwarzschild] photon 17/43 skipped: Non-finite (r,theta,phi) in SchwarzschildMetricFast
[Schwarzschild] photon 18/43 skipped: Non-finite (r,theta,phi) in SchwarzschildMetricFast
[Schwarzschild] photon 19/43 skipped: Non-finite (r,theta,phi) in SchwarzschildMetricFast
[Schwarzschild] photon 20/43 skipped: Non-finite (r,theta,phi) in SchwarzschildMetricFast
[Schwarzschild] photon 21/43 skipped: Non-finite (r,theta,phi) in SchwarzschildMetricFast
[Schwarzschild] photon 22/43 skipped: Non-finite (r,theta,phi) in SchwarzschildMetricFast
[Schwarzschild] photon 23/43 skipped: Non-finite (r,theta,phi) in SchwarzschildMetricFast
[Schwarzschild] photon 24/43 skipped: Non-finite (r,theta,phi) in SchwarzschildMetricFast
[Schwarzschild] photon 25/43 skipped: Numerical failure in Schwarzschild fast acceleration (near horizon / poles)
[Schwarzschild] photon 26/43 skipped: Non-finite (r,theta,phi) in SchwarzschildMetricFast
[Schwarzschild] photon 27/43 skipped: Non-finite (r,theta,phi) in SchwarzschildMetricFast
[Schwarzschild] photon 28/43 skipped: Non-finite (r,theta,phi) in SchwarzschildMetricFast
[Schwarzschild] photon 29/43 skipped: Non-finite (r,theta,phi) in SchwarzschildMetricFast
[Schwarzschild] photon 30/43 skipped: Non-finite (r,theta,phi) in SchwarzschildMetricFast
[Schwarzschild] photon 31/43 skipped: Non-finite (r,theta,phi) in SchwarzschildMetricFast
[Schwarzschild] photon 32/43 skipped: Non-finite (r,theta,phi) in SchwarzschildMetricFast
[Schwarzschild] photon 33/43 skipped: Non-finite (r,theta,phi) in SchwarzschildMetricFast
[Schwarzschild] photon 34/43 skipped: Non-finite (r,theta,phi) in SchwarzschildMetricFast
[Schwarzschild] photon 35/43 skipped: Non-finite (r,theta,phi) in SchwarzschildMetricFast
[Schwarzschild] photon 36/43 skipped: Non-finite (r,theta,phi) in SchwarzschildMetricFast
[Schwarzschild] photon 38/43 skipped: Non-finite (r,theta,phi) in SchwarzschildMetricFast
[Schwarzschild] photon 40/43 skipped: Non-finite (r,theta,phi) in SchwarzschildMetricFast
[Schwarzschild] photon 41/43 skipped: Non-finite (r,theta,phi) in SchwarzschildMetricFast
[Schwarzschild] photon 43/43 skipped: Non-finite (r,theta,phi) in SchwarzschildMetricFast
[Schwarzschild] skipped 40/43 photons due to numerical failures
-1.0000000031908904 -8.987551758689883e+16 8.987551816046469e+16
-1.0000000031908904 -8.987551758689883e+16 8.987551816046469e+16
-1.0000000031908904 -8.987551758689883e+16 8.987551816046469e+16
-1.0000000031908904 -8.987551758689883e+16 8.987551816046469e+16
-1.0000000031908904 -8.987551758689883e+16 8.987551816046469e+16
-1.0000000031908904 -8.987551758689883e+16 8.98755181604647e+16
-1.0000000031908904 -8.987551758689883e+16 8.987551816046469e+16
-1.0000000031908904 -8.987551758689883e+16 8.987551816046469e+16
-1.0000000031908904 -8.987551758689883e+16 8.98755181604647e+16
-1.0000000031908904 -8.987551758689883e+16 8.98755181604647e+16
-1.0000000031908904 -8.987551758689883e+16 8.987551816046472e+16
-1.0000000031908904 -8.987551758689883e+16 8.987551816046472e+16
-1.0000000031908904 -8.987551758689883e+16 8.987551816046472e+16
-1.0000000031908904 -8.987551758689883e+16 8.987551816046472e+16
-1.0000000031908904 -8.987551758689883e+16 8.98755181604647e+16
-1.0000000031908904 -8.987551758689883e+16 8.98755181604647e+16
-1.0000000031908904 -8.987551758689883e+16 8.98755181604647e+16
-1.0000000031908904 -8.987551758689883e+16 8.98755181604647e+16
-1.0000000031908904 -8.987551758689883e+16 8.98755181604647e+16
-1.0000000031908904 -8.987551758689883e+16 8.98755181604647e+16
-1.0000000031908904 -8.987551758689883e+16 8.98755181604647e+16
-1.0000000031908904 -8.987551758689883e+16 8.98755181604647e+16
-1.0000000031908904 -8.987551758689883e+16 8.987551816046469e+16
-1.0000000031908904 -8.987551758689883e+16 8.987551816046469e+16
-1.0000000031908904 -8.987551758689883e+16 8.98755181604647e+16
-1.0000000031908904 -8.987551758689883e+16 8.98755181604647e+16
-1.0000000031908904 -8.987551758689883e+16 8.98755181604647e+16
-1.0000000031908904 -8.987551758689883e+16 8.98755181604647e+16
-1.0000000031908904 -8.987551758689883e+16 8.987551816046469e+16
-1.0000000031908904 -8.987551758689883e+16 8.98755181604647e+16
-1.0000000031908904 -8.987551758689883e+16 8.98755181604647e+16
-1.0000000031908904 -8.987551758689883e+16 8.98755181604647e+16
-1.0000000031908904 -8.987551758689883e+16 8.98755181604647e+16
-1.0000000031908904 -8.987551758689883e+16 8.98755181604647e+16
-1.0000000031908904 -8.987551758689883e+16 8.98755181604647e+16
-1.0000000031908904 -8.987551758689883e+16 8.98755181604647e+16
-1.0000000031908904 -8.987551758689883e+16 8.98755181604647e+16
-1.0000000031908904 -8.987551758689883e+16 8.98755181604647e+16
-1.0000000031908904 -8.987551758689883e+16 8.98755181604647e+16
-1.0000000031908904 -8.987551758689883e+16 8.987551816046472e+16
-1.0000000031908904 -8.987551758689883e+16 8.987551816046472e+16
-1.0000000031908904 -8.987551758689883e+16 8.98755181604647e+16
-1.0000000031908904 -8.987551758689883e+16 8.98755181604647e+16
FLRW |u_spatial| mean/min/max = 299792458.0 299792458.0 299792458.00000006
expected ~c = 299792458
dlambda [s] = 268039388119658.22 dx per step [m] mean = 8.035618700520833e+22
=== Outputs ===
Schwarzschild -> _data/output/excalibur_run_schwarzschild_M1.0e13_R1.5_mass500_500_500_obs200_500_500_N50_leapfrog4_S231_D300_cone10deg_Mpc.h5
FLRW          -> _data/output/excalibur_run_perturbed_flrw_static_M1.0e13_R1.5_mass500_500_500_obs200_500_500_N50_leapfrog4_S231_static1_D300_cone10deg_local1_Mpc.h5
=== Null-condition rel error (mean / max / std) ===
Schwarzschild init:  9.604e-17 / 3.039e-16 / 7.989e-17
Schwarzschild final: nan / nan / nan
FLRW init:           8.510e-17 / 2.114e-16 / 6.356e-17
FLRW final:          1.539e-08 / 4.769e-07 / 7.148e-08


STDERR:
/home/magri/excalibur-tool/excalibur/integration/integrator.py:87: RuntimeWarning: overflow encountered in multiply
  x += self.c4 * dt * u
/home/magri/excalibur-tool/excalibur/integration/integrator.py:78: RuntimeWarning: overflow encountered in multiply
  x += self.c1 * dt * u
/home/magri/excalibur-tool/excalibur/photon/photon.py:54: RuntimeWarning: invalid value encountered in dot
  norm = np.dot(self.u, np.dot(g, self.u))
/home/magri/excalibur-tool/excalibur/photon/photon.py:57: RuntimeWarning: overflow encountered in scalar power
  g_spatial_terms = sum(abs(g[i,i] * self.u[i]**2) for i in range(1, 4))
/home/magri/excalibur-tool/excalibur/photon/photon.py:54: RuntimeWarning: overflow encountered in dot
  norm = np.dot(self.u, np.dot(g, self.u))
/home/magri/excalibur-tool/excalibur/photon/photon.py:57: RuntimeWarning: overflow encountered in scalar multiply
  g_spatial_terms = sum(abs(g[i,i] * self.u[i]**2) for i in range(1, 4))
/home/magri/excalibur-tool/excalibur/photon/photon.py:61: RuntimeWarning: invalid value encountered in scalar divide
  result = abs(norm) / normalization

